# serializer version: 1
# name: test_r2_shiftvector_golden
  list([
    dict({
      'basename': 'Cijk_Ailk_Bjlk_S_B_UserArgs_MT128x64x16_SN_LDSB0ie0FxrHVTXq-kjUIMw6pO5pRNEnXLSi_lzffUcy2hHo=',
      'err': 0,
    }),
    dict({
      'basename': 'Cijk_Ailk_Bjlk_S_B_UserArgs_MT64x128x16_SN_LDSB0zImOnesocyS1ziF82_EnQZ0RLrY8QcNyY0MAPVMtJm0=',
      'err': 0,
    }),
    dict({
      'basename': 'Cijk_Ailk_Bjlk_S_B_UserArgs_MT64x64x16_SN_LDSB0_Cpb22fEgmm58WwNRw1A9Z6Zy5FGTVmweaAt-uqHkomE=',
      'err': 0,
    }),
  ])
# ---
