# serializer version: 1
# name: test_r2_gsu_golden
  list([
    dict({
      'basename': 'Cijk_Alik_Bljk_BBS_BH_Bias_A_S_UserArgs_MT64x16x5fqfV9-SkPgeXWWSeoxF2QczEOJCljb0K_QEnGI12rs=',
      'err': 0,
    }),
    dict({
      'basename': 'Cijk_Alik_Bljk_BBS_BH_Bias_A_S_UserArgs_MT64x16xfOWmz8WZwvd6ax5SrB196_YnhnKgHg7Pe42GBmt9Rk4=',
      'err': 0,
    }),
  ])
# ---
