# serializer version: 1
# name: test_r3_lra_tr_gfx950_golden
  list([
    dict({
      'basename': 'Cijk_Ailk_Bljk_BBS_BH_UserArgs_MT128x128x32_MI169xhW6kx4aHNC9QN0yKHC0N66vnPd3ZTFrX42hklxFZ8=',
      'err': 0,
    }),
    dict({
      'basename': 'Cijk_Ailk_Bljk_BBS_BH_UserArgs_MT128x128x32_MI16FCml5GyCVs8Z6Q8HmenLYOLhfsqWAHG3d_VpQi38VNo=',
      'err': 0,
    }),
  ])
# ---
