# serializer version: 1
# name: test_gfx942_gg_golden
  list([
    dict({
      'basename': 'Cijk_Ailk_Bljk_HHS_BH_Bias_GG_HA_S_UserArgs_MT122mv-P3oG5UZ-5b1hqQshFOGPlT4WLuXkS1GSU1PfPcQ=',
      'err': 0,
    }),
    dict({
      'basename': 'Cijk_Ailk_Bljk_HHS_BH_Bias_GG_HA_S_UserArgs_MT125Sfe-CCErmR37l9IZlWDPL5lIrrIhvg11V3Ve8R-hJc=',
      'err': 0,
    }),
    dict({
      'basename': 'Cijk_Ailk_Bljk_HHS_BH_Bias_GG_HA_S_UserArgs_MT12EOJQqdrHVYt3x91emvy9xOv71es1JyyLhNToZ9H2MBI=',
      'err': 0,
    }),
    dict({
      'basename': 'Cijk_Ailk_Bljk_HHS_BH_Bias_GG_HA_S_UserArgs_MT12iW23tS3kiOWwcwUvwm58-WaJza-89KF_SDPr2Ug7uns=',
      'err': 0,
    }),
  ])
# ---
