# serializer version: 1
# name: test_r3_gsu_on_golden
  list([
    dict({
      'basename': 'Cijk_Ailk_Bljk_S_B_UserArgs_MT16x16x32_MI16x16x1AOfUcktcC9IA4hh-biCc77pi5F_2alygtXVfmqry-hY=',
      'err': 0,
    }),
    dict({
      'basename': 'Cijk_Ailk_Bljk_S_B_UserArgs_MT16x16x32_MI16x16x1fVQB1eenX5EMpEs6b6I6X1AEXZVEb6Fc8J6N7uap5i0=',
      'err': 0,
    }),
  ])
# ---
