# serializer version: 1
# name: test_gfx1250_emit_digests
  list([
    dict({
      'file': 'BBS.yaml',
      'kernels': list([
        dict({
          'basename': 'Cijk_Ailk_Bjlk_BBS_BH_Bias_A_UserArgs_MT16x16x32iLiVY0OaWa2kcnc1hMV0De_kOTA8ySJU8mNgko4xPxM=',
          'err': 0,
        }),
      ]),
    }),
    dict({
      'file': 'F4_MX.yaml',
      'kernels': list([
        dict({
          'basename': 'Cijk_Alik_Bljk_F4BS_MXAE8B32_MXBE8B32_BH_Bias_HAhRp0IhmVVWtEJtB5kHhStLXm3lC6mZ1Btyvf7ZfCuQc=',
          'err': 0,
        }),
      ]),
    }),
    dict({
      'file': 'F4_MX_DecouplePGR_TDMFuse.yaml',
      'kernels': list([
        dict({
          'basename': 'Cijk_Alik_Bljk_F4BS_MXAE8B32_MXBE8B32_BH_Bias_HAzENpSr2tNFsCVNrVJzZ34p8yoajCiWKXuXQfOcWunjU=',
          'err': 0,
        }),
      ]),
    }),
    dict({
      'file': 'HHS.yaml',
      'kernels': list([
        dict({
          'basename': 'Cijk_Ailk_Bjlk_HHS_BH_Bias_A_UserArgs_MT16x16x32iLiVY0OaWa2kcnc1hMV0De_kOTA8ySJU8mNgko4xPxM=',
          'err': 0,
        }),
      ]),
    }),
    dict({
      'file': 'SB.yaml',
      'kernels': list([
        dict({
          'basename': 'Cijk_Ailk_Bjlk_S_MX_B_Bias_SB_HA_S_SAB_SAV_UserAC9bX4ZCbWD14hvwxiVv1iAPJu-Dck434vuHlE1B6zNw=',
          'err': 0,
        }),
      ]),
    }),
  ])
# ---
