# serializer version: 1
# name: test_gfx942_dominant_golden
  list([
    dict({
      'basename': 'Cijk_Alik_Bljk_BBS_BH_Bias_A_S_UserArgs_MT128x32BP5xy0X0-CQn7BhF9nj0sRGC3LsfVG0sKiNgFP8sbSY=',
      'err': 0,
    }),
    dict({
      'basename': 'Cijk_Alik_Bljk_BBS_BH_Bias_A_S_UserArgs_MT128x32wfJ4ytq0tXf5pKBWc08tJY3pJ_oZV4GZ8s1knpwraQE=',
      'err': 0,
    }),
    dict({
      'basename': 'Cijk_Alik_Bljk_BBS_BH_Bias_A_S_UserArgs_MT64x16x5fqfV9-SkPgeXWWSeoxF2QczEOJCljb0K_QEnGI12rs=',
      'err': 0,
    }),
    dict({
      'basename': 'Cijk_Alik_Bljk_BBS_BH_Bias_A_S_UserArgs_MT64x16xp17JAJELELC6VBTNIjbfRxMEOsXGDz6rysfbvKXfcdE=',
      'err': 0,
    }),
  ])
# ---
