# serializer version: 1
# name: test_r2_wgm_gfx942_golden
  list([
    dict({
      'basename': 'Cijk_Alik_Bljk_BBS_BH_Bias_A_S_UserArgs_MT64x16xDRj8U4GQQVmbEpYRTCgIn5lz6LLA-cKnnRsdVGLd5xs=',
      'err': 0,
    }),
    dict({
      'basename': 'Cijk_Alik_Bljk_BBS_BH_Bias_A_S_UserArgs_MT64x16xkFyHdLvovhKzhFLFZ6gvANKYyhd_uSYfshigfbnhqBE=',
      'err': 0,
    }),
    dict({
      'basename': 'Cijk_Alik_Bljk_BBS_BH_Bias_A_S_UserArgs_MT64x16xnkCa3TLwajo9aTdVoge7rJidLyb21DLL5b3Ct2PH-vY=',
      'err': 0,
    }),
    dict({
      'basename': 'Cijk_Alik_Bljk_BBS_BH_Bias_A_S_UserArgs_MT64x16xtBgM97A59pYqzpx1VAdJ7cofsANesgSOLuBxIFnw7NE=',
      'err': 0,
    }),
    dict({
      'basename': 'Cijk_Alik_Bljk_BBS_BH_Bias_A_S_UserArgs_MT64x16xtCkxriAy6R4kci0WbnL_K6nke9eaqwaWWKTCQ_TYEz4=',
      'err': 0,
    }),
  ])
# ---
