# serializer version: 1
# name: test_r2_subtile_gfx950_golden
  list([
    dict({
      'basename': 'Cijk_Alik_Bljk_BBS_BH_UserArgs_MT128x128x64_MI16Hv-4YPani_7Fl2GrIsERacynL0-VhYOigxld0SAtYL8=',
      'err': 0,
    }),
    dict({
      'basename': 'Cijk_Alik_Bljk_BBS_BH_UserArgs_MT128x128x64_MI16uCkcUFQKwxQoE-DhGFig1TRZXH-B388lgq5Ek3dTAy8=',
      'err': 0,
    }),
    dict({
      'basename': 'Cijk_Alik_Bljk_BBS_BH_UserArgs_MT128x64x64_MI16xBTRxvq2Bu9T2pbZaDiCxH2D9OvtnEAZj0EGH8EHfu1c=',
      'err': 0,
    }),
    dict({
      'basename': 'Cijk_Alik_Bljk_BBS_BH_UserArgs_MT128x64x64_MI16xdTZjWCFvOGj0PdkMkrO9ns9UM_OIOSVTiprda8POefI=',
      'err': 0,
    }),
    dict({
      'basename': 'Cijk_Alik_Bljk_BBS_BH_UserArgs_MT32x32x64_MI16x1WmkeXouMUWUAJLd30T5Z2gjzl167T_i3paRfnWPJxlc=',
      'err': 0,
    }),
    dict({
      'basename': 'Cijk_Alik_Bljk_BBS_BH_UserArgs_MT32x32x64_MI16x1p16UYUHu-igeQkgy1oT4OLDL3UtkkbuYRwYJ5ggrvPo=',
      'err': 0,
    }),
    dict({
      'basename': 'Cijk_Alik_Bljk_BBS_BH_UserArgs_MT64x128x64_MI16xnOZb0z8v3pjN7I3_JdepWKdSmIEQjoR804j8IkiJkP0=',
      'err': 0,
    }),
    dict({
      'basename': 'Cijk_Alik_Bljk_BBS_BH_UserArgs_MT64x128x64_MI16xvYyUxxRitWAEFAtT9MsY_WQ7hK0RpqR_w0w6C1SiCKM=',
      'err': 0,
    }),
  ])
# ---
