# serializer version: 1
# name: test_r2_solution_gfx942_golden
  list([
    dict({
      'basename': 'Cijk_Alik_Bljk_BBS_BH_Bias_A_S_UserArgs_MT64x16x46ElTB4OUXJJRWn1ofcEoSRaOUg-7LBgDR3zu4goBV0=',
      'err': 0,
    }),
    dict({
      'basename': 'Cijk_Alik_Bljk_BBS_BH_Bias_A_S_UserArgs_MT64x16xLGG418wy0KV5jvza8Z1Ug4s6yA-O2P9H8ul_3giOs6M=',
      'err': 0,
    }),
    dict({
      'basename': 'Cijk_Alik_Bljk_BBS_BH_Bias_A_S_UserArgs_MT64x16xkTbI0GG-_R8m0_nNymFdLDrj_X3vgOLE2TEA7ly92Fs=',
      'err': 0,
    }),
    dict({
      'basename': 'Cijk_Alik_Bljk_BBS_BH_Bias_A_S_UserArgs_MT64x16xpKwvY4VTSnN473pYtDV4C_i9TXOK8yUztaOXsgZxEDA=',
      'err': 0,
    }),
  ])
# ---
