# serializer version: 1
# name: test_gfx1100_emit_digests
  list([
    dict({
      'file': 'DB.yaml',
      'kernels': list([
        dict({
          'basename': 'Cijk_Ailk_Bjlk_D_B_UserArgs_MT16x16x16_SN_LDSB0_9ufQT8lovVTIE9zS7KNtwE9jwj67fTiJNplaBBv5KoM=',
          'err': 0,
        }),
        dict({
          'basename': 'Cijk_Ailk_Bjlk_D_B_UserArgs_MT16x16x8_SN_LDSB0_ARNBMt6y4Qp7NOW2VQFFcqlhJDoyfiG2i3QQSR4kMVBg=',
          'err': 0,
        }),
        dict({
          'basename': 'Cijk_Ailk_Bjlk_D_B_UserArgs_MT8x8x16_SN_LDSB0_AFiZn6WmbMzckor7Ve7ARz4WgKyurgdapZCmUhJZLsUzc=',
          'err': 0,
        }),
        dict({
          'basename': 'Cijk_Ailk_Bjlk_D_B_UserArgs_MT8x8x8_SN_LDSB0_AFC3_CqN4Vkfy78zHMQCQN6WNpGCcQq-hvrAtsUzt4INS8=',
          'err': 0,
        }),
      ]),
    }),
    dict({
      'file': 'HSS.yaml',
      'kernels': list([
        dict({
          'basename': 'Cijk_Alik_Bljk_HSS_BH_Bias_HA_S_SAV_UserArgs_MT3n6DlwvSRWmlsepbh3WVZG3s382-PHd97GfLhZKH9P-c=',
          'err': 0,
        }),
        dict({
          'basename': 'Cijk_Alik_Bljk_HSS_BH_Bias_HA_S_SAV_UserArgs_MT9GLCGm1f8BOdB8BjSGiBcRuZjny5oZ6ZOx0TxfD7wVUQ=',
          'err': 0,
        }),
        dict({
          'basename': 'Cijk_Alik_Bljk_HSS_BH_Bias_HA_S_SAV_UserArgs_MT9RytDcYhhOlKWESkdNHENqAI0UGWAWdM0VFfhLlz5f-4=',
          'err': 0,
        }),
      ]),
    }),
    dict({
      'file': 'SB.yaml',
      'kernels': list([
        dict({
          'basename': 'Cijk_Ailk_Bjlk_S_B_Bias_HA_S_SAV_UserArgs_MT16x1MqMEtl7Lwvb9glwKI2z2xdpNSUDUWfm8vw6CCT_0luI=',
          'err': 0,
        }),
        dict({
          'basename': 'Cijk_Ailk_Bjlk_S_B_Bias_HA_S_SAV_UserArgs_MT16x1_f-G2net3dL2EShVWaZsSkLFzQwociVH2YbfeH3wu0o=',
          'err': 0,
        }),
        dict({
          'basename': 'Cijk_Ailk_Bjlk_S_B_Bias_HA_S_SAV_UserArgs_MT8x8xLRfwFEGy3VV0_BsZ4o3phNLIza6aGDIKos-uCx-H0Vk=',
          'err': 0,
        }),
        dict({
          'basename': 'Cijk_Ailk_Bjlk_S_B_Bias_HA_S_SAV_UserArgs_MT8x8xNwKMVjNyMbZpJCKUElLWqJBiU88D8_146XS4sYyCJg4=',
          'err': 0,
        }),
      ]),
    }),
  ])
# ---
