# serializer version: 1
# name: test_gfx1250_emit_digests
  list([
    dict({
      'file': 'BBS.yaml',
      'kernels': list([
        dict({
          'basename': 'Cijk_Ailk_Bjlk_BBS_BH_Bias_A_UserArgs_MT16x16x32-H37ZfJBUHK1ZzN-BEWvhH92j_l8gfpJSdgJhfQGHSc=',
          'err': 0,
        }),
      ]),
    }),
    dict({
      'file': 'F4_MX.yaml',
      'kernels': list([
        dict({
          'basename': 'Cijk_Alik_Bljk_F4BS_MXAE8B32_MXBE8B32_BH_Bias_HA1GjJkEnnLgV8baz9pl56C-d8q8YtynSdsSIUymBcCw8=',
          'err': 0,
        }),
      ]),
    }),
    dict({
      'file': 'F4_MX_DecouplePGR_TDMFuse.yaml',
      'kernels': list([
        dict({
          'basename': 'Cijk_Alik_Bljk_F4BS_MXAE8B32_MXBE8B32_BH_Bias_HAahYMqLmNNPNToitBmmEV25E2O4kzWgH7O7vz3oLUSTk=',
          'err': 0,
        }),
      ]),
    }),
    dict({
      'file': 'HHS.yaml',
      'kernels': list([
        dict({
          'basename': 'Cijk_Ailk_Bjlk_HHS_BH_Bias_A_UserArgs_MT16x16x32-H37ZfJBUHK1ZzN-BEWvhH92j_l8gfpJSdgJhfQGHSc=',
          'err': 0,
        }),
      ]),
    }),
    dict({
      'file': 'SB.yaml',
      'kernels': list([
        dict({
          'basename': 'Cijk_Ailk_Bjlk_S_MX_B_Bias_SB_HA_S_SAB_SAV_UserAbKNvMqFzmMLVi4u1UfcfSKZ6Ryl8MVzBIt25zmwASBc=',
          'err': 0,
        }),
      ]),
    }),
  ])
# ---
