# serializer version: 1
# name: test_r2_mac_hhs_dot2_golden
  list([
    dict({
      'basename': 'Cijk_Alik_Bljk_HHS_BH_UserArgs_MT16x32x16_SN_LDSzt56KLMGTyEckBOmQp0FVPcZ8ZLvl-kGrqs6Gx2OWuw=',
      'err': 0,
    }),
    dict({
      'basename': 'Cijk_Alik_Bljk_HHS_BH_UserArgs_MT16x64x16_SN_LDShyj9jV_8wLoDGXcZIEW3qrwjEaD9-wR5CZrRIvLjTM4=',
      'err': 0,
    }),
    dict({
      'basename': 'Cijk_Alik_Bljk_HHS_BH_UserArgs_MT32x32x16_SN_LDS3w0SJ2Uw2n2el9eQUqglfy-L8SatvBhQpByu5LY8DG8=',
      'err': 0,
    }),
    dict({
      'basename': 'Cijk_Alik_Bljk_HHS_BH_UserArgs_MT32x64x16_SN_LDSWUdwRVD44oQrAautLRl4XnSLmxH2oVhXTb3G-FOXrd4=',
      'err': 0,
    }),
    dict({
      'basename': 'Cijk_Alik_Bljk_HHS_BH_UserArgs_MT64x32x16_SN_LDSmZRtsdZY28WCryUmwxQlKzOniosAzCWQrw40frMqzdw=',
      'err': 0,
    }),
    dict({
      'basename': 'Cijk_Alik_Bljk_HHS_BH_UserArgs_MT8x64x16_SN_LDSBzTLIT6ndl3GJ9cUKj7QuEpBRdXOl8G-YLp8nQCSuKKQ=',
      'err': 0,
    }),
  ])
# ---
