# serializer version: 1
# name: test_gfx90a_hhs_golden
  list([
    dict({
      'basename': 'Cijk_Alik_Bljk_HHS_BH_Bias_A_S_UserArgs_MT64x16xEtGj1e3neBl7caSBFtZrV78mnSjrn7Am_Vk67PZczT4=',
      'err': 0,
    }),
    dict({
      'basename': 'Cijk_Alik_Bljk_HHS_BH_Bias_A_S_UserArgs_MT64x16xUEcnSx-8bInjtTm-mpNMrGsLaqzurA78PNWoSK63OXw=',
      'err': 0,
    }),
  ])
# ---
