# serializer version: 1
# name: test_r2_wgm_gfx942_golden
  list([
    dict({
      'basename': 'Cijk_Alik_Bljk_BBS_BH_Bias_A_S_UserArgs_MT64x16x9tyimUkjsdA_wIiFi9qlYOz7oWVDMlFZA-oUKl5Wxn0=',
      'err': 0,
    }),
    dict({
      'basename': 'Cijk_Alik_Bljk_BBS_BH_Bias_A_S_UserArgs_MT64x16xTKvl8leV5LSQFikEC07QV4hluVeaAtPIUVKboywVqYU=',
      'err': 0,
    }),
    dict({
      'basename': 'Cijk_Alik_Bljk_BBS_BH_Bias_A_S_UserArgs_MT64x16xemXsSL4gnDIyIxvlbr4Et3PGX7a_lX94NDafRjwFuxg=',
      'err': 0,
    }),
    dict({
      'basename': 'Cijk_Alik_Bljk_BBS_BH_Bias_A_S_UserArgs_MT64x16xgqKqRCBlkYD6aJmXkyt5A1mcbOXv9LBaB3v_R0P_tp0=',
      'err': 0,
    }),
    dict({
      'basename': 'Cijk_Alik_Bljk_BBS_BH_Bias_A_S_UserArgs_MT64x16xnGx31_w_IU_h92vewXSyrP1T2vFsNj9CglZWR2V6sok=',
      'err': 0,
    }),
  ])
# ---
