# serializer version: 1
# name: test_gfx90a_dominant_golden
  list([
    dict({
      'basename': 'Cijk_Alik_Bljk_BBS_BH_Bias_HA_S_UserArgs_MT128x3Nxehd84I4CFAEwFXAWKJxj40JqM5EpNhthrLajTz6iw=',
      'err': 0,
    }),
    dict({
      'basename': 'Cijk_Alik_Bljk_BBS_BH_Bias_HA_S_UserArgs_MT64x16QSJPQ0vtUbuZrxuRNv1KszZc-pE-wDP-49hp4AmHZIE=',
      'err': 0,
    }),
  ])
# ---
