# serializer version: 1
# name: test_r2_shiftvector_golden
  list([
    dict({
      'basename': 'Cijk_Ailk_Bjlk_S_B_UserArgs_MT128x64x16_SN_LDSB0UDiEAFA5fkrrB7Hw9T1X5cdKDrvVUtOzrbfEfggFt1g=',
      'err': 0,
    }),
    dict({
      'basename': 'Cijk_Ailk_Bjlk_S_B_UserArgs_MT64x128x16_SN_LDSB0TiSJr53NSRRfGjYh6Jf7hiR1kTTUVwwyyTyCgK22zeI=',
      'err': 0,
    }),
    dict({
      'basename': 'Cijk_Ailk_Bjlk_S_B_UserArgs_MT64x64x16_SN_LDSB0__9FqsVCczXvyXDswaDbPksSAZC-OQ8qnpP88mD48e9U=',
      'err': 0,
    }),
  ])
# ---
