# serializer version: 1
# name: test_gfx950_dtl_golden
  list([
    dict({
      'basename': 'Cijk_Alik_Bljk_S_B_UserArgs_MT16x16x32_MI16x16x16l4HRe3asUZyJWuj35NVqF8kbxxeeVrdwrm83YQtU-Y=',
      'err': 0,
    }),
    dict({
      'basename': 'Cijk_Alik_Bljk_S_B_UserArgs_MT16x16x32_MI16x16x1TR-56UrjzGAsINAQt9gANm2_utnAa-YQmMWMy1LCzW0=',
      'err': 0,
    }),
    dict({
      'basename': 'Cijk_Alik_Bljk_S_B_UserArgs_MT16x16x32_MI16x16x1cXGTw67yUx3zIubm-48wEg684HBTPYg7IDRhTfoY-jM=',
      'err': 0,
    }),
    dict({
      'basename': 'Cijk_Alik_Bljk_S_B_UserArgs_MT16x16x32_MI16x16x1k1lNs_GfSeoeQ8w6PwG2Qu_qH1bVuuVkblnLSza2nwk=',
      'err': 0,
    }),
  ])
# ---
