# serializer version: 1
# name: test_r2_subtile_gfx950_golden
  list([
    dict({
      'basename': 'Cijk_Alik_Bljk_BBS_BH_UserArgs_MT128x128x64_MI16Ci55Kkk92Va18wXxCLBXzVuKS4nBn-YRJUY1YFyzf8k=',
      'err': 0,
    }),
    dict({
      'basename': 'Cijk_Alik_Bljk_BBS_BH_UserArgs_MT128x128x64_MI16zLI5Zz5NRDWJYhgNvxNCVKdpFUrFhtSHNPkOnq7GtRw=',
      'err': 0,
    }),
    dict({
      'basename': 'Cijk_Alik_Bljk_BBS_BH_UserArgs_MT128x64x64_MI16x6GRCMN8enALCo2B8KUDlxNm_OQO05bsT8hjAWza7BWU=',
      'err': 0,
    }),
    dict({
      'basename': 'Cijk_Alik_Bljk_BBS_BH_UserArgs_MT128x64x64_MI16xoOwE4D2zF6DQWG8sGonp_em9B0iBnDBevQSWdl32Zqk=',
      'err': 0,
    }),
    dict({
      'basename': 'Cijk_Alik_Bljk_BBS_BH_UserArgs_MT32x32x64_MI16x1FxGERImU9JiQwtQHcHTcwpVBggT9Yo7EOKdMqIVWKWc=',
      'err': 0,
    }),
    dict({
      'basename': 'Cijk_Alik_Bljk_BBS_BH_UserArgs_MT32x32x64_MI16x1Rg7ACv-ErvAKRGGY_oWim_xSfItn93Eg5sqYpWTEZSg=',
      'err': 0,
    }),
    dict({
      'basename': 'Cijk_Alik_Bljk_BBS_BH_UserArgs_MT64x128x64_MI16x1-K65NNxmaXu93S6FgRkoEGThmr0T7RaFShXT-si9ds=',
      'err': 0,
    }),
    dict({
      'basename': 'Cijk_Alik_Bljk_BBS_BH_UserArgs_MT64x128x64_MI16xWo1-cVNREKc3tuTsaguumvGC46s07NdePMuW6bvVCso=',
      'err': 0,
    }),
  ])
# ---
