# serializer version: 1
# name: test_streamk_cluster_multicast_gfx1250_golden[pgr1_cs2_ck2]
  list([
    dict({
      'basename': 'Cijk_Alik_Bljk_F8SS_MXAE8B32_MXBE8B32_BH_UserArg9WInyVyorpEiWkRTCh8C7mvDJ_RmEYXCJcP5s2KxDc0=',
      'err': 0,
    }),
    dict({
      'basename': 'Cijk_Alik_Bljk_F8SS_MXAE8B32_MXBE8B32_BH_UserArgIO6As_RRgstS6q4ppHmFxt-mFqIpe2jjvljKSnSQMIE=',
      'err': 0,
    }),
    dict({
      'basename': 'Cijk_Alik_Bljk_F8SS_MXAE8B32_MXBE8B32_BH_UserArgQ3C-caLDmJnUcIfhXNyJCk2CCIWoVz2cMo41aAGg4nY=',
      'err': 0,
    }),
    dict({
      'basename': 'Cijk_Alik_Bljk_F8SS_MXAE8B32_MXBE8B32_BH_UserArgRSNm6A3KL0RpYRSGOaZGqW5teF4eoh0E_uHQBwcuMq4=',
      'err': 0,
    }),
    dict({
      'basename': 'Cijk_Alik_Bljk_F8SS_MXAE8B32_MXBE8B32_BH_UserArgb7aN_vbtrT-iJcOWhtks-8kaUUBHd-bP1O6ZSUKkBiI=',
      'err': 0,
    }),
    dict({
      'basename': 'Cijk_Alik_Bljk_F8SS_MXAE8B32_MXBE8B32_BH_UserArgl5tYn9yeW4KNd-GYlWaQwCyX2MKIGbO-fTBJ9IacIVc=',
      'err': 0,
    }),
    dict({
      'basename': 'Cijk_Alik_Bljk_F8SS_MXAE8B32_MXBE8B32_BH_UserArgoF8xmvuPOvvmWgxPW7GUG7DER8IpgCQxcZeaAGzJx3g=',
      'err': 0,
    }),
    dict({
      'basename': 'Cijk_Alik_Bljk_F8SS_MXAE8B32_MXBE8B32_BH_UserArgzFeXfMfv48KUEtXsZ9gTNnhEZSt-WgewX9QsJgokhX0=',
      'err': 0,
    }),
  ])
# ---
# name: test_streamk_cluster_multicast_gfx1250_golden[pgr1_cs4_ck1]
  list([
    dict({
      'basename': 'Cijk_Alik_Bljk_F8SS_MXAE8B32_MXBE8B32_BH_UserArg21otBerLtPIN6jAfJ_ouAwCLWnNYWBSdMXgI52CmJWI=',
      'err': 0,
    }),
    dict({
      'basename': 'Cijk_Alik_Bljk_F8SS_MXAE8B32_MXBE8B32_BH_UserArg3q-X8Pfm1f3oWG6hyHP8NinVOdkrK8sPo8GEVYb0c9E=',
      'err': 0,
    }),
    dict({
      'basename': 'Cijk_Alik_Bljk_F8SS_MXAE8B32_MXBE8B32_BH_UserArg9-So36GOdJtIxyYhFYxjMl4GfqPm5Hx2hR9NT-wE6_0=',
      'err': 0,
    }),
    dict({
      'basename': 'Cijk_Alik_Bljk_F8SS_MXAE8B32_MXBE8B32_BH_UserArgO8k1ntiGQjYSch5PNMI5jFkFxuJAAcn0c2l4uykmOtc=',
      'err': 0,
    }),
    dict({
      'basename': 'Cijk_Alik_Bljk_F8SS_MXAE8B32_MXBE8B32_BH_UserArg_EVv2zYMVcu9b3Gaz5MAqOtyVvbSv9v-bmHQwrZ2QQg=',
      'err': 0,
    }),
    dict({
      'basename': 'Cijk_Alik_Bljk_F8SS_MXAE8B32_MXBE8B32_BH_UserArgh3koaStz-iP1wsEVh6lnurJ_igc7iR_0QFMiSgyV3pc=',
      'err': 0,
    }),
    dict({
      'basename': 'Cijk_Alik_Bljk_F8SS_MXAE8B32_MXBE8B32_BH_UserArgkij9ilriwb9oTTRZrzrCtSTulBQP0zT6vbH9yPe1Hrs=',
      'err': 0,
    }),
    dict({
      'basename': 'Cijk_Alik_Bljk_F8SS_MXAE8B32_MXBE8B32_BH_UserArglKWf1W8gzZZjhUu7WYGROXlwV1pQCpipxYe3JIIEDLw=',
      'err': 0,
    }),
  ])
# ---
# name: test_streamk_cluster_multicast_gfx1250_golden[pgr2_cs2_ck2]
  list([
    dict({
      'basename': 'Cijk_Alik_Bljk_F8SS_MXAE8B32_MXBE8B32_BH_UserArg4lYVOqKL758pL5crMXya0IbIVu8Ow0M8zwvdOFW4NV0=',
      'err': 0,
    }),
    dict({
      'basename': 'Cijk_Alik_Bljk_F8SS_MXAE8B32_MXBE8B32_BH_UserArgD__3PwIyGTSqvJOcuENt9ye8qTuKLUGoyYq1nW52bKA=',
      'err': 0,
    }),
    dict({
      'basename': 'Cijk_Alik_Bljk_F8SS_MXAE8B32_MXBE8B32_BH_UserArgW90zGT3_rbjlBi7HRVR_fSieHcFHk0TFJLLKtVmB-Zg=',
      'err': 0,
    }),
    dict({
      'basename': 'Cijk_Alik_Bljk_F8SS_MXAE8B32_MXBE8B32_BH_UserArgecDP5BNdRGeG5oWjU8cNEmE7ZIX4r4rknYaNNkZH2tw=',
      'err': 0,
    }),
    dict({
      'basename': 'Cijk_Alik_Bljk_F8SS_MXAE8B32_MXBE8B32_BH_UserArggITCPrbPFJhk7DrRFubafPYKL4_cs-Vo9Mf32e3DBt0=',
      'err': 0,
    }),
    dict({
      'basename': 'Cijk_Alik_Bljk_F8SS_MXAE8B32_MXBE8B32_BH_UserArggrui43PZCAi5aPnmuh4N9sJIeZk9oLqAt_-4wy5K-AI=',
      'err': 0,
    }),
    dict({
      'basename': 'Cijk_Alik_Bljk_F8SS_MXAE8B32_MXBE8B32_BH_UserArgrApVIBjyPSbGEzLysh7oUzox0iZx5CFlK4yNHnpFY4c=',
      'err': 0,
    }),
    dict({
      'basename': 'Cijk_Alik_Bljk_F8SS_MXAE8B32_MXBE8B32_BH_UserArgz1y8INDjqtwfYt-nFD8c44if69JgR_TSIFMhAl7enuE=',
      'err': 0,
    }),
  ])
# ---
# name: test_streamk_cluster_multicast_gfx1250_golden[pgr2_cs4_ck1]
  list([
    dict({
      'basename': 'Cijk_Alik_Bljk_F8SS_MXAE8B32_MXBE8B32_BH_UserArgEGmQS1UerBv2611DkoLdY3gZW41hyl_c8_ifEF4Fdzo=',
      'err': 0,
    }),
    dict({
      'basename': 'Cijk_Alik_Bljk_F8SS_MXAE8B32_MXBE8B32_BH_UserArgXoPlScLP3u949G911UfaF6QFwkJUVNe3l2IOKqzRG50=',
      'err': 0,
    }),
    dict({
      'basename': 'Cijk_Alik_Bljk_F8SS_MXAE8B32_MXBE8B32_BH_UserArgg3yLBFbe8EO176g0hJ6ieVvLOAK2nH3WospYUbfI3WA=',
      'err': 0,
    }),
    dict({
      'basename': 'Cijk_Alik_Bljk_F8SS_MXAE8B32_MXBE8B32_BH_UserArgmrstP5IhjAzePZekBRW3KgY1A1qiuGbf7NjrzfpaU4M=',
      'err': 0,
    }),
    dict({
      'basename': 'Cijk_Alik_Bljk_F8SS_MXAE8B32_MXBE8B32_BH_UserArgornWhBX5gOO8cgacZFcp3PPGl1KbjWKNAyI0eA6YS60=',
      'err': 0,
    }),
    dict({
      'basename': 'Cijk_Alik_Bljk_F8SS_MXAE8B32_MXBE8B32_BH_UserArgq9fedASN2UJH2jJEx0gGJ8sOuhj5tsTKeUX15JU49i8=',
      'err': 0,
    }),
    dict({
      'basename': 'Cijk_Alik_Bljk_F8SS_MXAE8B32_MXBE8B32_BH_UserArgudI8OlbyGNYw8BrCmH8Q44hEsY3Ky-UHmcSEYv-D87U=',
      'err': 0,
    }),
    dict({
      'basename': 'Cijk_Alik_Bljk_F8SS_MXAE8B32_MXBE8B32_BH_UserArgztyM4_2TuSrestgg7W0t3Jc3hwbRErtcMelOWs5-LC8=',
      'err': 0,
    }),
  ])
# ---
