# serializer version: 1
# name: test_gfx908_emit_digests
  list([
    dict({
      'file': 'BBS.yaml',
      'kernels': list([
        dict({
          'basename': 'Cijk_Ailk_Bljk_BBS_BH_Bias_HA_S_SAV_MT64x16x32_M2cO_3agpGLk8eahJgqWxhxo_8JdZOii0AsfoIganp0w=',
          'err': 0,
        }),
      ]),
    }),
    dict({
      'file': 'HHS.yaml',
      'kernels': list([
        dict({
          'basename': 'Cijk_Ailk_Bljk_HHS_BH_Bias_HA_S_SAV_UserArgs_MT6jD9bXEQ0UZZm_1zrLp1D31m05K8FFmPYQVNKL3UgKOg=',
          'err': 0,
        }),
      ]),
    }),
    dict({
      'file': 'HSS.yaml',
      'kernels': list([
        dict({
          'basename': 'Cijk_Ailk_Bjlk_HSS_BH_Bias_GG_HA_S_SAV_UserArgs_Txd_JFjq-Hrc-aPbie-SNMCbcdU2BtuBMqigSGXhFWY=',
          'err': 0,
        }),
      ]),
    }),
    dict({
      'file': 'SB.yaml',
      'kernels': list([
        dict({
          'basename': 'Cijk_Alik_Bjlk_S_B_Bias_HA_S_SAV_UserArgs_MT32x3emeqntW3lijR0dcAfB1WJ-JDYD3KvXQRIq_W1rkJlUQ=',
          'err': 0,
        }),
      ]),
    }),
  ])
# ---
