# serializer version: 1
# name: test_r3_subtile_lr_fp8_gfx950_golden
  list([
    dict({
      'basename': 'Cijk_Alik_Bljk_F8SS_BH_UserArgs_MT128x128x256_MI-q4n30hq-vnKoPXKPCRoWjsjqNTpQAS-1_Fzip6gF2g=',
      'err': 0,
    }),
    dict({
      'basename': 'Cijk_Alik_Bljk_F8SS_BH_UserArgs_MT64x64x256_MI16Hg851RFBgTT_JqlTEBuHDqr2b-JknXx8MSWCTK-H48k=',
      'err': 0,
    }),
  ])
# ---
