# serializer version: 1
# name: test_r3_subtile_lr_fp8_gfx950_golden
  list([
    dict({
      'basename': 'Cijk_Alik_Bljk_F8SS_BH_UserArgs_MT128x128x256_MIZS2iGGIThyq7S0_ZG1mC4WBXiwm6e94n07Y_SL8Q9Uo=',
      'err': 0,
    }),
    dict({
      'basename': 'Cijk_Alik_Bljk_F8SS_BH_UserArgs_MT64x64x256_MI16IM44ern4oRgCUF5XNLL2h-tbqT5ILXK4Zkhq05bc8oE=',
      'err': 0,
    }),
  ])
# ---
