# serializer version: 1
# name: test_gfx908_emit_digests
  list([
    dict({
      'file': 'BBS.yaml',
      'kernels': list([
        dict({
          'basename': 'Cijk_Ailk_Bljk_BBS_BH_Bias_HA_S_SAV_MT64x16x32_MIILqvEAR_ae4iYBRBQ5uqbkH6oik7MC0uyy5chMKVgQ=',
          'err': 0,
        }),
      ]),
    }),
    dict({
      'file': 'HHS.yaml',
      'kernels': list([
        dict({
          'basename': 'Cijk_Ailk_Bljk_HHS_BH_Bias_HA_S_SAV_UserArgs_MT6Rz3Xn3p4MS18bJnULjKg9W6EC5IknQKMtZklg2_UOCI=',
          'err': 0,
        }),
      ]),
    }),
    dict({
      'file': 'HSS.yaml',
      'kernels': list([
        dict({
          'basename': 'Cijk_Ailk_Bjlk_HSS_BH_Bias_GG_HA_S_SAV_UserArgs_Eeg9HFLJW9kIznCUhzgmyvZ1ZF_gC2KlvBIgTQksvE4=',
          'err': 0,
        }),
      ]),
    }),
    dict({
      'file': 'SB.yaml',
      'kernels': list([
        dict({
          'basename': 'Cijk_Alik_Bjlk_S_B_Bias_HA_S_SAV_UserArgs_MT32x3i-Fw8V8HtW_CX7vM--uizFxKNryXSVoBDgIWEmNh1XY=',
          'err': 0,
        }),
      ]),
    }),
  ])
# ---
