# serializer version: 1
# name: test_gfx942_f8n_golden
  list([
    dict({
      'basename': 'Cijk_Ailk_Bljk_F8NHS_BH_Bias_S_HA_S_SAB_SCD_SAV_-OxLXazF3XPPyBzi9dWrn118cfLBXKfVe7vA80H_sC4=',
      'err': 0,
    }),
    dict({
      'basename': 'Cijk_Ailk_Bljk_F8NHS_BH_Bias_S_HA_S_SAB_SCD_SAV_7hR41i0MCI2rEzVAlvSkelAnwkO7a7FEoVz1EdytrA4=',
      'err': 0,
    }),
    dict({
      'basename': 'Cijk_Ailk_Bljk_F8NHS_BH_Bias_S_HA_S_SAB_SCD_SAV_8HFCdbxzolnPAfDhkWdjrE7mykxrmLCmUygz3SbxUsY=',
      'err': 0,
    }),
    dict({
      'basename': 'Cijk_Ailk_Bljk_F8NHS_BH_Bias_S_HA_S_SAB_SCD_SAV_F2jLIRZykoU_URGeNTXKm59Noou3wdtUSm7FxQPlQXY=',
      'err': 0,
    }),
    dict({
      'basename': 'Cijk_Ailk_Bljk_F8NHS_BH_Bias_S_HA_S_SAB_SCD_SAV_L-f-1MGIkvN2BXqSnwuCp3Dtoe-WikKRO0bWjpQAqgE=',
      'err': 0,
    }),
    dict({
      'basename': 'Cijk_Ailk_Bljk_F8NHS_BH_Bias_S_HA_S_SAB_SCD_SAV_a4Gz7IZPMOznL7wyzzwfkMJCP46rnMA4wcPzDblVRp4=',
      'err': 0,
    }),
    dict({
      'basename': 'Cijk_Ailk_Bljk_F8NHS_BH_Bias_S_HA_S_SAB_SCD_SAV_kSxplCYzBQXZ_IPsebUUUdYDcW2660VRJqetKK6VPvI=',
      'err': 0,
    }),
    dict({
      'basename': 'Cijk_Ailk_Bljk_F8NHS_BH_Bias_S_HA_S_SAB_SCD_SAV_rOZamUqYY6zWtPpr07hTgVL52Qt5jJ-g3gGw37II18w=',
      'err': 0,
    }),
  ])
# ---
