# serializer version: 1
# name: test_gfx90a_hhs_golden
  list([
    dict({
      'basename': 'Cijk_Alik_Bljk_HHS_BH_Bias_A_S_UserArgs_MT64x16x2ySpniGK9lE9FS3owcIhO3z27C1RJii03BiwaFKwFDU=',
      'err': 0,
    }),
    dict({
      'basename': 'Cijk_Alik_Bljk_HHS_BH_Bias_A_S_UserArgs_MT64x16xhbtsME7nbXNaj1vsg88GjSqVAozil5nRj6WdOHmSP3Q=',
      'err': 0,
    }),
  ])
# ---
