# serializer version: 1
# name: test_gfx1100_emit_digests
  list([
    dict({
      'file': 'DB.yaml',
      'kernels': list([
        dict({
          'basename': 'Cijk_Ailk_Bjlk_D_B_UserArgs_MT16x16x16_SN_LDSB0_9r3CcP5xqPbTPPAsPx-wK-5QDFGo5c1iYGpdNgJowK0=',
          'err': 0,
        }),
        dict({
          'basename': 'Cijk_Ailk_Bjlk_D_B_UserArgs_MT16x16x8_SN_LDSB0_A1ITrPQzhsmVuARGFT7PhkfWWYPK2Q4R7O9ueMkjNVcU=',
          'err': 0,
        }),
        dict({
          'basename': 'Cijk_Ailk_Bjlk_D_B_UserArgs_MT8x8x16_SN_LDSB0_AFOwK-fmvWlCcTy6mpe1ohvhkx50NuKQIclk9W3eBcf_Y=',
          'err': 0,
        }),
        dict({
          'basename': 'Cijk_Ailk_Bjlk_D_B_UserArgs_MT8x8x8_SN_LDSB0_AFCsa9HxKwCEApEhFcEd37PnAaTqhwJCz53ocmdVsw_ANM=',
          'err': 0,
        }),
      ]),
    }),
    dict({
      'file': 'HSS.yaml',
      'kernels': list([
        dict({
          'basename': 'Cijk_Alik_Bljk_HSS_BH_Bias_HA_S_SAV_UserArgs_MT3fao52jZI66dmUgVJk6PYTkdU4YYlpqI9kGNzgEV9lF0=',
          'err': 0,
        }),
        dict({
          'basename': 'Cijk_Alik_Bljk_HSS_BH_Bias_HA_S_SAV_UserArgs_MT9VJPpUDIcIAgv981I7BFuujRL09c5GKkr2r6eSzrQqBo=',
          'err': 0,
        }),
        dict({
          'basename': 'Cijk_Alik_Bljk_HSS_BH_Bias_HA_S_SAV_UserArgs_MT9_lfFd62LCMnUxZTFu9rwYV_J66oIpTLrBPFvotI5NyY=',
          'err': 0,
        }),
      ]),
    }),
    dict({
      'file': 'SB.yaml',
      'kernels': list([
        dict({
          'basename': 'Cijk_Ailk_Bjlk_S_B_Bias_HA_S_SAV_UserArgs_MT16x1OWsqXpMT-AnKUW6j_2AXuGs9SVlXn_sSwzTtg29wo08=',
          'err': 0,
        }),
        dict({
          'basename': 'Cijk_Ailk_Bjlk_S_B_Bias_HA_S_SAV_UserArgs_MT16x1Y89csKfak7HKGW6n-9dAP_Ki59zglSKrBQSSElUpFYU=',
          'err': 0,
        }),
        dict({
          'basename': 'Cijk_Ailk_Bjlk_S_B_Bias_HA_S_SAV_UserArgs_MT8x8x4vAZVyRpaizfb8WouE9ffYPRhnBT1gnfpe64OPUYOnQ=',
          'err': 0,
        }),
        dict({
          'basename': 'Cijk_Ailk_Bjlk_S_B_Bias_HA_S_SAV_UserArgs_MT8x8x7ldfZX8A5eENKVB82GVgF7AxJ2-Ft5K_KkgW_y5mzzM=',
          'err': 0,
        }),
      ]),
    }),
  ])
# ---
