# serializer version: 1
# name: test_gfx942_gg_golden
  list([
    dict({
      'basename': 'Cijk_Ailk_Bljk_HHS_BH_Bias_GG_HA_S_UserArgs_MT12-0_lU8I_bJ9bPPtTJMGpg92ERO8WhCLJdLfMu8SY9Fc=',
      'err': 0,
    }),
    dict({
      'basename': 'Cijk_Ailk_Bljk_HHS_BH_Bias_GG_HA_S_UserArgs_MT12ZXEokB4p4rSzX0QkPHfsGjaByKlE98Yhcl9ajf9OktU=',
      'err': 0,
    }),
    dict({
      'basename': 'Cijk_Ailk_Bljk_HHS_BH_Bias_GG_HA_S_UserArgs_MT12wnZdeizRoPdDh1K6m1DHZtzT5nl5VppM8jCorYZ1-6w=',
      'err': 0,
    }),
    dict({
      'basename': 'Cijk_Ailk_Bljk_HHS_BH_Bias_GG_HA_S_UserArgs_MT12zWI2-Q8DhvLPF0f9MPZrRk63uuluJLjN-a7BdMZ1i5k=',
      'err': 0,
    }),
  ])
# ---
