# serializer version: 1
# name: test_r2_solution_gfx942_golden
  list([
    dict({
      'basename': 'Cijk_Alik_Bljk_BBS_BH_Bias_A_S_UserArgs_MT64x16x5fqfV9-SkPgeXWWSeoxF2QczEOJCljb0K_QEnGI12rs=',
      'err': 0,
    }),
    dict({
      'basename': 'Cijk_Alik_Bljk_BBS_BH_Bias_A_S_UserArgs_MT64x16xPRB4LXGLQZcSm8lOwo9cIE1aWemgmVN5jVKinyKEfW0=',
      'err': 0,
    }),
    dict({
      'basename': 'Cijk_Alik_Bljk_BBS_BH_Bias_A_S_UserArgs_MT64x16xmRuC0pRobCj60OU1Ff6ahVS_iUa1B2GJRJGD42DhMKs=',
      'err': 0,
    }),
    dict({
      'basename': 'Cijk_Alik_Bljk_BBS_BH_Bias_A_S_UserArgs_MT64x16xwJ7xSYXIZza0UbMtm1xDKQY8erwY1n3xRGbM-3dDHOc=',
      'err': 0,
    }),
  ])
# ---
