# serializer version: 1
# name: test_r2_store_gfx942_golden
  list([
    dict({
      'basename': 'Cijk_Alik_Bljk_BBS_BH_Bias_SAV_UserArgs_MT64x16xOsinOS3UvB5vlK6K9iDI4DDdPRDCyOOhU6w56lOD3Sk=',
      'err': 0,
    }),
    dict({
      'basename': 'Cijk_Alik_Bljk_BBS_BH_Bias_SAV_UserArgs_MT64x16xq6p3DnkI2GXTd0M4lWDBOOUYYI2UC2pLeXwKjpgcx8U=',
      'err': 0,
    }),
    dict({
      'basename': 'Cijk_Alik_Bljk_BBS_BH_Bias_SAV_UserArgs_MT64x16xscH2U-INfnOaCYhNe1esyDAyhEdlQIwdx85yUb1sXSE=',
      'err': 0,
    }),
    dict({
      'basename': 'Cijk_Alik_Bljk_BBS_BH_Bias_SAV_UserArgs_MT64x16xu_DArODdXQW-8HT5ykvVJ9ED2Mxp8p-TDrrLFPsjLFQ=',
      'err': 0,
    }),
  ])
# ---
