# serializer version: 1
# name: test_gfx1250_emit_digests
  list([
    dict({
      'file': 'BBS.yaml',
      'kernels': list([
        dict({
          'basename': 'Cijk_Ailk_Bjlk_BBS_BH_Bias_A_UserArgs_MT16x16x32iaAcahU7AmXy9MucKK-EFZkYpHi170EndNq0vkFavDs=',
          'err': 0,
        }),
      ]),
    }),
    dict({
      'file': 'F4_MX.yaml',
      'kernels': list([
        dict({
          'basename': 'Cijk_Alik_Bljk_F4BS_MXAE8B32_MXBE8B32_BH_Bias_HAEIcUDnK2d_f64Y-c3ZT-v7Xw2d0pOw_ETmFM8N1AF4k=',
          'err': 0,
        }),
      ]),
    }),
    dict({
      'file': 'F4_MX_DecouplePGR_TDMFuse.yaml',
      'kernels': list([
        dict({
          'basename': 'Cijk_Alik_Bljk_F4BS_MXAE8B32_MXBE8B32_BH_Bias_HAiLraa9tBCAs8Vi4V772nhpiwWV24aOJz6mH5c1MViVo=',
          'err': 0,
        }),
      ]),
    }),
    dict({
      'file': 'HHS.yaml',
      'kernels': list([
        dict({
          'basename': 'Cijk_Ailk_Bjlk_HHS_BH_Bias_A_UserArgs_MT16x16x32iaAcahU7AmXy9MucKK-EFZkYpHi170EndNq0vkFavDs=',
          'err': 0,
        }),
      ]),
    }),
    dict({
      'file': 'SB.yaml',
      'kernels': list([
        dict({
          'basename': 'Cijk_Ailk_Bjlk_S_MX_B_Bias_SB_HA_S_SAB_SAV_UserAVmUkcV6pknevm72dtUXIiXnVNDhhBJZhRhhsmqgS51w=',
          'err': 0,
        }),
      ]),
    }),
  ])
# ---
