# serializer version: 1
# name: test_gfx1100_emit_digests
  list([
    dict({
      'file': 'DB.yaml',
      'kernels': list([
        dict({
          'basename': 'Cijk_Ailk_Bjlk_D_B_UserArgs_MT16x16x16_SN_LDSB0_NHAMyeqrkbrtFr0lF471zhK_PMOUwZn-qTf2zT3m0Yc=',
          'err': 0,
        }),
        dict({
          'basename': 'Cijk_Ailk_Bjlk_D_B_UserArgs_MT16x16x8_SN_LDSB0_A2kaTbiP5OlGZyfNBTcMoek9KcMvCrZSUwmNb1CCGjHU=',
          'err': 0,
        }),
        dict({
          'basename': 'Cijk_Ailk_Bjlk_D_B_UserArgs_MT8x8x16_SN_LDSB0_AFF10zJ2_lOFV8E70y5b3S3SJYzhAURwdXua3vVtr-kM4=',
          'err': 0,
        }),
        dict({
          'basename': 'Cijk_Ailk_Bjlk_D_B_UserArgs_MT8x8x8_SN_LDSB0_AFCmQVt56hI7xzPmivjXDhbN5OZ-mtlM_rfxEzgQwkdCtc=',
          'err': 0,
        }),
      ]),
    }),
    dict({
      'file': 'HSS.yaml',
      'kernels': list([
        dict({
          'basename': 'Cijk_Alik_Bljk_HSS_BH_Bias_HA_S_SAV_UserArgs_MT3Kd6qf2NRhyOgU_M7Q9bzBfmZ7WdfTuoHhLLnxLG0Kl4=',
          'err': 0,
        }),
        dict({
          'basename': 'Cijk_Alik_Bljk_HSS_BH_Bias_HA_S_SAV_UserArgs_MT9Qp-t0a10MENHNBncgfmJdUGnHRMya0tYLirTyTKRpdk=',
          'err': 0,
        }),
        dict({
          'basename': 'Cijk_Alik_Bljk_HSS_BH_Bias_HA_S_SAV_UserArgs_MT9zGFVgfprVqSrX6QkMAaBBJ6HHeAsl8L-lNhfF9nRftc=',
          'err': 0,
        }),
      ]),
    }),
    dict({
      'file': 'SB.yaml',
      'kernels': list([
        dict({
          'basename': 'Cijk_Ailk_Bjlk_S_B_Bias_HA_S_SAV_UserArgs_MT16x1Ds-sns-3zISUStIsJ-4kNCXp7eyfuOJbueQuWLugStY=',
          'err': 0,
        }),
        dict({
          'basename': 'Cijk_Ailk_Bjlk_S_B_Bias_HA_S_SAV_UserArgs_MT16x1hHr-AoE3Zgl3kEHw7xxwZQ1wUUnYePxhCIt_PgnFSlg=',
          'err': 0,
        }),
        dict({
          'basename': 'Cijk_Ailk_Bjlk_S_B_Bias_HA_S_SAV_UserArgs_MT8x8x8J2H67zx4Vtu4hmQfGsGTLuLESw73cVBKzpie-eYN3A=',
          'err': 0,
        }),
        dict({
          'basename': 'Cijk_Ailk_Bjlk_S_B_Bias_HA_S_SAV_UserArgs_MT8x8xpSNTkQgVJfh5-Ov8VksGkR7lOLveWyqqQoUyZFYF3ko=',
          'err': 0,
        }),
      ]),
    }),
  ])
# ---
