# serializer version: 1
# name: test_r2_lra_gfx942_golden
  list([
    dict({
      'basename': 'Cijk_Alik_Bjlk_HHS_BH_UserArgs_MT16x8x64_SN_LDSB9g59BrfFHocKrDFgKgSVwxxhK8u7JATPWhPmcnvcVY4=',
      'err': 0,
    }),
    dict({
      'basename': 'Cijk_Alik_Bjlk_HHS_BH_UserArgs_MT64x4x64_SN_LDSBHWe-fnqXLvxIMg0h8hgJ-ht2wyC_aEFN2r-lm-58Y8o=',
      'err': 0,
    }),
  ])
# ---
