# serializer version: 1
# name: test_gfx90a_emit_digests
  list([
    dict({
      'file': 'BBS.yaml',
      'kernels': list([
        dict({
          'basename': 'Cijk_Alik_Bjlk_BBS_BH_Bias_HA_S_SAV_UserArgs_MT3YLTafqqrR_4Rg9-FdVfDLMW3QU0_nMaZ9tm9o9kYS3E=',
          'err': 0,
        }),
      ]),
    }),
    dict({
      'file': 'DB.yaml',
      'kernels': list([
        dict({
          'basename': 'Cijk_Ailk_Bjlk_D_B_UserArgs_MT16x16x16_MI16x16x1mWYXmXkR9wQibnnDHWB0ymPTQo5lD8yNmKNu3xAxviE=',
          'err': 0,
        }),
        dict({
          'basename': 'Cijk_Ailk_Bjlk_D_B_UserArgs_MT16x16x8_MI16x16x1_ynT-27MRq-bo0yvcMgtaUUrLTb5EwrrJ0qLmgX5MS-A=',
          'err': 0,
        }),
      ]),
    }),
    dict({
      'file': 'HHS.yaml',
      'kernels': list([
        dict({
          'basename': 'Cijk_Alik_Bjlk_HHS_BH_Bias_HA_S_SAV_UserArgs_MT3YLTafqqrR_4Rg9-FdVfDLMW3QU0_nMaZ9tm9o9kYS3E=',
          'err': 0,
        }),
      ]),
    }),
    dict({
      'file': 'HSS.yaml',
      'kernels': list([
        dict({
          'basename': 'Cijk_Alik_Bjlk_HSS_BH_Bias_HA_S_SAV_UserArgs_MT3YLTafqqrR_4Rg9-FdVfDLMW3QU0_nMaZ9tm9o9kYS3E=',
          'err': 0,
        }),
      ]),
    }),
    dict({
      'file': 'SB.yaml',
      'kernels': list([
        dict({
          'basename': 'Cijk_Alik_Bjlk_S_B_Bias_HA_S_SAV_UserArgs_MT32x3zRfMPHocDu-X6oWHbl1Q3gwZj87aFwu6I00A61gYLc0=',
          'err': 0,
        }),
      ]),
    }),
  ])
# ---
