# serializer version: 1
# name: test_r2_wgm_gfx942_golden
  list([
    dict({
      'basename': 'Cijk_Alik_Bljk_BBS_BH_Bias_A_S_UserArgs_MT64x16x9TtuBBrmRaXw4EVNBG7l5FaDp2YuXO4pi5H1uGqDeuQ=',
      'err': 0,
    }),
    dict({
      'basename': 'Cijk_Alik_Bljk_BBS_BH_Bias_A_S_UserArgs_MT64x16xBqGPqT8XCeYe5VDR-ctrMazFinjHLstFXfcoiw23S48=',
      'err': 0,
    }),
    dict({
      'basename': 'Cijk_Alik_Bljk_BBS_BH_Bias_A_S_UserArgs_MT64x16xSVMQ6uwHWgASsIlUzExKudEcu2iW8jMg5DLR0DXUuS8=',
      'err': 0,
    }),
    dict({
      'basename': 'Cijk_Alik_Bljk_BBS_BH_Bias_A_S_UserArgs_MT64x16xUFBPjjj2LKtjVfrAGWuSBUM_3-qW0-9IjGRXOIp8Zr0=',
      'err': 0,
    }),
    dict({
      'basename': 'Cijk_Alik_Bljk_BBS_BH_Bias_A_S_UserArgs_MT64x16xbjC8h7ql5TX61HEpmuE_A_Rf2HCCPzWha4oBOc93Yyc=',
      'err': 0,
    }),
  ])
# ---
