# serializer version: 1
# name: test_r2_store_gfx942_golden
  list([
    dict({
      'basename': 'Cijk_Alik_Bljk_BBS_BH_Bias_SAV_UserArgs_MT64x16x4LOIcc6f0QTd_uOi0bYX1LVZqBeIQvxEf3ODc17IBOg=',
      'err': 0,
    }),
    dict({
      'basename': 'Cijk_Alik_Bljk_BBS_BH_Bias_SAV_UserArgs_MT64x16xZKrk3yZDP5pxp0IHaCLGXrjgliB7BGAqYimJbMaiV4g=',
      'err': 0,
    }),
    dict({
      'basename': 'Cijk_Alik_Bljk_BBS_BH_Bias_SAV_UserArgs_MT64x16x_PpyJykxU0K7sCsd0WprGmkUEaA9WmCgtzn96lcC3u8=',
      'err': 0,
    }),
    dict({
      'basename': 'Cijk_Alik_Bljk_BBS_BH_Bias_SAV_UserArgs_MT64x16xjnRPat-6QDUlwUCyag3UyAMJ1cyXKFJmVJwOMKKf_Zw=',
      'err': 0,
    }),
  ])
# ---
