# serializer version: 1
# name: test_gfx942_f8n_golden
  list([
    dict({
      'basename': 'Cijk_Ailk_Bljk_F8NHS_BH_Bias_S_HA_S_SAB_SCD_SAV_EG1gB3pYBwGQZdWBhx57kKObxGVj9LBZ2tL7GijBPH8=',
      'err': 0,
    }),
    dict({
      'basename': 'Cijk_Ailk_Bljk_F8NHS_BH_Bias_S_HA_S_SAB_SCD_SAV_EcnWbI4Ck90oQeDedRq9JAYXTGwHsZ0vyYLcn8SWQ6Q=',
      'err': 0,
    }),
    dict({
      'basename': 'Cijk_Ailk_Bljk_F8NHS_BH_Bias_S_HA_S_SAB_SCD_SAV_Es_8HAo5Yni1ybAzOA62LxulwCKxa_t9AVw7EjdZz_E=',
      'err': 0,
    }),
    dict({
      'basename': 'Cijk_Ailk_Bljk_F8NHS_BH_Bias_S_HA_S_SAB_SCD_SAV_eutGD_SOIXHOrCcz_vS1gTsG03bzHgH_Xk9_D2jadtk=',
      'err': 0,
    }),
    dict({
      'basename': 'Cijk_Ailk_Bljk_F8NHS_BH_Bias_S_HA_S_SAB_SCD_SAV_gq_pVrlQQEy1akgflItAVEnfDu3Pr5HDpNg1bLS_kvs=',
      'err': 0,
    }),
    dict({
      'basename': 'Cijk_Ailk_Bljk_F8NHS_BH_Bias_S_HA_S_SAB_SCD_SAV_kh7X1sVr9Qg2S0Nplcuq-H_RMK8bM_Yk-dOXoBKIkAc=',
      'err': 0,
    }),
    dict({
      'basename': 'Cijk_Ailk_Bljk_F8NHS_BH_Bias_S_HA_S_SAB_SCD_SAV_nqApfGj95k68Np1Md6q6dqqsXcYBDj2T6Mg3BjWr1Ic=',
      'err': 0,
    }),
    dict({
      'basename': 'Cijk_Ailk_Bljk_F8NHS_BH_Bias_S_HA_S_SAB_SCD_SAV_s4gr96IMygGXNhDNAg4vGB3P5GPiCUSVeiiVrID8KbY=',
      'err': 0,
    }),
  ])
# ---
