# serializer version: 1
# name: test_r3_kwafeat_gfx942_golden
  list([
    dict({
      'basename': 'Cijk_Ailk_Bjlk_S_B_UserArgs_MT128x128x16_MI16x16UvPMoJh8bwEKUSOegtT4Y_r_Q4Wdkqtah0iwZOuF8p0=',
      'err': 0,
    }),
    dict({
      'basename': 'Cijk_Ailk_Bjlk_S_B_UserArgs_MT128x128x16_MI16x16YoP0TXP1oDVUGxtI33PzZmvpkKIjLEEeqQ_pxpxs62M=',
      'err': 0,
    }),
  ])
# ---
