# serializer version: 1
# name: test_r4_fp8mx_gfx950_golden
  list([
    dict({
      'basename': 'Cijk_Alik_Bljk_F8SS_MXAE8B32_MXBE8B32_BH_UserArgUo40EqV5W6w0jQrRRSTQvit9FXJ8C-diZlgJL9BtHeE=',
      'err': 0,
    }),
    dict({
      'basename': 'Cijk_Alik_Bljk_F8SS_MXAE8B32_MXBE8B32_BH_UserArgpd8EdFCRgwuBAlYuU91LuhX4OH_aHEyo3DQDuNaPbm4=',
      'err': 0,
    }),
    dict({
      'basename': 'Cijk_Alik_Bljk_F8SS_MXAE8B32_MXBE8B32_BH_UserArgrrdq9ZiRbWDo3ybI4J_-0fuN6SGOL-yN72-ZUTiAIBU=',
      'err': 0,
    }),
    dict({
      'basename': 'Cijk_Alik_Bljk_F8SS_MXAE8B32_MXBE8B32_BH_UserArgyz5kNggrGj7h3AxOEslpDeGZs9jG4wI8Cb4umqgD5KU=',
      'err': 0,
    }),
  ])
# ---
