# serializer version: 1
# name: test_gfx908_emit_digests
  list([
    dict({
      'file': 'BBS.yaml',
      'kernels': list([
        dict({
          'basename': 'Cijk_Ailk_Bljk_BBS_BH_Bias_HA_S_SAV_MT64x16x32_MKMis1w7AsKVwUjjU1bl8cYh7czwCQQDU-5k5WoY56EU=',
          'err': 0,
        }),
      ]),
    }),
    dict({
      'file': 'HHS.yaml',
      'kernels': list([
        dict({
          'basename': 'Cijk_Ailk_Bljk_HHS_BH_Bias_HA_S_SAV_UserArgs_MT6RvkeqNDoRvIC1CzVViLwthN0Wvx62YhZsHVfJF3jNnE=',
          'err': 0,
        }),
      ]),
    }),
    dict({
      'file': 'HSS.yaml',
      'kernels': list([
        dict({
          'basename': 'Cijk_Ailk_Bjlk_HSS_BH_Bias_GG_HA_S_SAV_UserArgs_k-BOueDDgDLN4PRXAhJMu8bQaEQXMjumrHgOCOEgVcY=',
          'err': 0,
        }),
      ]),
    }),
    dict({
      'file': 'SB.yaml',
      'kernels': list([
        dict({
          'basename': 'Cijk_Alik_Bjlk_S_B_Bias_HA_S_SAV_UserArgs_MT32x3HTWu6RMo51vk7Y-wcdrzkHQz_QR-0WgolcV3nK5ETEo=',
          'err': 0,
        }),
      ]),
    }),
  ])
# ---
