# serializer version: 1
# name: test_streamk_cluster_multicast_gfx1250_golden[pgr1_cs2_ck2]
  list([
    dict({
      'basename': 'Cijk_Alik_Bljk_F8SS_MXAE8B32_MXBE8B32_BH_UserArg1X1cXqJP32_6BE5JNsqDgRTJdXW5gscmf_Ttwb08_vY=',
      'err': 0,
    }),
    dict({
      'basename': 'Cijk_Alik_Bljk_F8SS_MXAE8B32_MXBE8B32_BH_UserArg5qgtGWiW6CdaJJJShSleE0fJPQCQcRfcW03l4015d_w=',
      'err': 0,
    }),
    dict({
      'basename': 'Cijk_Alik_Bljk_F8SS_MXAE8B32_MXBE8B32_BH_UserArgCirKIQyjyN85Xnxk3-i7UY0NDD30dtqQg8832FAU55E=',
      'err': 0,
    }),
    dict({
      'basename': 'Cijk_Alik_Bljk_F8SS_MXAE8B32_MXBE8B32_BH_UserArgO3VAbaX8kAaTZWYxMeemSLASANgddMIRp6B7beYZzSQ=',
      'err': 0,
    }),
    dict({
      'basename': 'Cijk_Alik_Bljk_F8SS_MXAE8B32_MXBE8B32_BH_UserArgOoM4ZSre7d5riMQvvLhJFKmGHbCzFpmdoJgqvjPZ3qg=',
      'err': 0,
    }),
    dict({
      'basename': 'Cijk_Alik_Bljk_F8SS_MXAE8B32_MXBE8B32_BH_UserArgg189taj_CufiODheL8HsVn8Mc_ap8TOKEudwhKOkMqA=',
      'err': 0,
    }),
    dict({
      'basename': 'Cijk_Alik_Bljk_F8SS_MXAE8B32_MXBE8B32_BH_UserArguK7-ANCbOsTEEGStY7XBkPSKtLLsapy0WVM7GNBJZY4=',
      'err': 0,
    }),
    dict({
      'basename': 'Cijk_Alik_Bljk_F8SS_MXAE8B32_MXBE8B32_BH_UserArgviEY3N7IVR0ubVM_VkSzxrFmAQkoTwoONGikjHXK5mU=',
      'err': 0,
    }),
  ])
# ---
# name: test_streamk_cluster_multicast_gfx1250_golden[pgr1_cs4_ck1]
  list([
    dict({
      'basename': 'Cijk_Alik_Bljk_F8SS_MXAE8B32_MXBE8B32_BH_UserArg3MJ97YekR03R9WF69483sPO4Qst2D53tPICtunnwFsg=',
      'err': 0,
    }),
    dict({
      'basename': 'Cijk_Alik_Bljk_F8SS_MXAE8B32_MXBE8B32_BH_UserArgHWZqYUkcktFnAuFWYMTvr4mOc2-QHL0zzjjj6cXjpwY=',
      'err': 0,
    }),
    dict({
      'basename': 'Cijk_Alik_Bljk_F8SS_MXAE8B32_MXBE8B32_BH_UserArgLNZZ5Mk1g6PwswCvBH9FEpp_Gs7sLG1zRDPhn1hDS30=',
      'err': 0,
    }),
    dict({
      'basename': 'Cijk_Alik_Bljk_F8SS_MXAE8B32_MXBE8B32_BH_UserArgMtsvIzbxov4_nP1DvvQoq3YjHtxcl-pfm2L0cu0IxaA=',
      'err': 0,
    }),
    dict({
      'basename': 'Cijk_Alik_Bljk_F8SS_MXAE8B32_MXBE8B32_BH_UserArgV8PxLzELoVDYfmttnYoCaHmtxXckGPIXnM7pSVVB8v4=',
      'err': 0,
    }),
    dict({
      'basename': 'Cijk_Alik_Bljk_F8SS_MXAE8B32_MXBE8B32_BH_UserArgeNCVuHFfMKF4AhGbaaxOaem0kRr345cEZbbnDPWX1X8=',
      'err': 0,
    }),
    dict({
      'basename': 'Cijk_Alik_Bljk_F8SS_MXAE8B32_MXBE8B32_BH_UserArgg-JSyRZDakEbOm97vTfiaHKeHyPXq9qOzGSm53ieTNQ=',
      'err': 0,
    }),
    dict({
      'basename': 'Cijk_Alik_Bljk_F8SS_MXAE8B32_MXBE8B32_BH_UserArglM8e0JSXkVhyCtr2xho7yF55EraOCUkNDN4C6XaSO_4=',
      'err': 0,
    }),
  ])
# ---
# name: test_streamk_cluster_multicast_gfx1250_golden[pgr2_cs2_ck2]
  list([
    dict({
      'basename': 'Cijk_Alik_Bljk_F8SS_MXAE8B32_MXBE8B32_BH_UserArg8yKahlwElmOev6wyPGMVxdPXE8lvkDwNguVKpB-4lx8=',
      'err': 0,
    }),
    dict({
      'basename': 'Cijk_Alik_Bljk_F8SS_MXAE8B32_MXBE8B32_BH_UserArgCrcG-ARsRkXfPUi9mOEnGrf64qzJ9SkpccRb83J5WpE=',
      'err': 0,
    }),
    dict({
      'basename': 'Cijk_Alik_Bljk_F8SS_MXAE8B32_MXBE8B32_BH_UserArgR0gPCcr8LyGKlXQoJ-ZsfolwQuRnM4QHcja_kbcBVm4=',
      'err': 0,
    }),
    dict({
      'basename': 'Cijk_Alik_Bljk_F8SS_MXAE8B32_MXBE8B32_BH_UserArgSUev1hiaByrsGRgLpQkgeB1fvn5AT_LlNtrYnvfCLLg=',
      'err': 0,
    }),
    dict({
      'basename': 'Cijk_Alik_Bljk_F8SS_MXAE8B32_MXBE8B32_BH_UserArgW6JwYm5o7A51ln13lNCwvuqlOvCUjgmGWKhxoLaxziU=',
      'err': 0,
    }),
    dict({
      'basename': 'Cijk_Alik_Bljk_F8SS_MXAE8B32_MXBE8B32_BH_UserArgcgUM9x8sFOW_0xkZiqmD0laupHNt_uSMRZ2vg2SGEZM=',
      'err': 0,
    }),
    dict({
      'basename': 'Cijk_Alik_Bljk_F8SS_MXAE8B32_MXBE8B32_BH_UserArgsef36Alo2sVV3wR1ys18PQQG1ZJ_axYTBLBWmIHDUvw=',
      'err': 0,
    }),
    dict({
      'basename': 'Cijk_Alik_Bljk_F8SS_MXAE8B32_MXBE8B32_BH_UserArgx9W4QsjBCd2-Dw4h0vEZKiZEIzTg-3qZgCgfGc9khmw=',
      'err': 0,
    }),
  ])
# ---
# name: test_streamk_cluster_multicast_gfx1250_golden[pgr2_cs4_ck1]
  list([
    dict({
      'basename': 'Cijk_Alik_Bljk_F8SS_MXAE8B32_MXBE8B32_BH_UserArg9GeydneEEdNxxuiwS_DW-fFJHUbqpaaPFwFAyTds0pE=',
      'err': 0,
    }),
    dict({
      'basename': 'Cijk_Alik_Bljk_F8SS_MXAE8B32_MXBE8B32_BH_UserArg9b78w-BcZ5nrSVjaKfUiCWsjqyBv8Yk74sSCZxsz5oM=',
      'err': 0,
    }),
    dict({
      'basename': 'Cijk_Alik_Bljk_F8SS_MXAE8B32_MXBE8B32_BH_UserArgFZJyR7oFYcuDkv7hThfucGFCDwqfVB-WhcuLnUaSs6s=',
      'err': 0,
    }),
    dict({
      'basename': 'Cijk_Alik_Bljk_F8SS_MXAE8B32_MXBE8B32_BH_UserArgKQY21UAeQNuVbnVQ_-bXQLaWzCbRoD0UpIY92lrDJao=',
      'err': 0,
    }),
    dict({
      'basename': 'Cijk_Alik_Bljk_F8SS_MXAE8B32_MXBE8B32_BH_UserArgOel06pyfczhE9fUHZdM44z5tfgsKHPyqe91qDqyhkWE=',
      'err': 0,
    }),
    dict({
      'basename': 'Cijk_Alik_Bljk_F8SS_MXAE8B32_MXBE8B32_BH_UserArgQKHqIYsvVJkNjbtZE4Gzdm_r-SG7M2wDSj69AUv_zcY=',
      'err': 0,
    }),
    dict({
      'basename': 'Cijk_Alik_Bljk_F8SS_MXAE8B32_MXBE8B32_BH_UserArgXluOJ9hNPUAaoPV7IfzQdyLgRtaDXEg_Akfn_x-wkhQ=',
      'err': 0,
    }),
    dict({
      'basename': 'Cijk_Alik_Bljk_F8SS_MXAE8B32_MXBE8B32_BH_UserArgtNAaV8YVbNSPv2lmpvId5lZOc2ZqkpbN0wY_0BtNYOg=',
      'err': 0,
    }),
  ])
# ---
