# serializer version: 1
# name: test_r2_gsu_golden
  list([
    dict({
      'basename': 'Cijk_Alik_Bljk_BBS_BH_Bias_A_S_UserArgs_MT64x16xCYlMWEeBA77Mgskit2dVFntjs89qhO80S7fqSVlLpSQ=',
      'err': 0,
    }),
    dict({
      'basename': 'Cijk_Alik_Bljk_BBS_BH_Bias_A_S_UserArgs_MT64x16xcgI8FE91UXbz0YmjScfPUFPhicob9xucZec2WA3lo6w=',
      'err': 0,
    }),
  ])
# ---
