# serializer version: 1
# name: test_fused_a2a_gfx950_golden
  list([
    dict({
      'basename': 'Cijk_Alik_Bljk_BBS_BH_FusedA2A_UserArgs_MT256x25ahHFPfMifYAQiX2DXiMqNzOUIF2oEa4i19c4CHzYK58=',
      'err': 0,
    }),
    dict({
      'basename': 'Cijk_Alik_Bljk_BBS_BH_FusedA2A_UserArgs_MT256x25rIb2rzVwAwCXFRxPowqAut_5hi6CBL1rSJkRr6NwWpA=',
      'err': 0,
    }),
  ])
# ---
